

================================================================
== Vivado HLS Report for 'cordiccart2pol'
================================================================
* Date:           Fri Oct 21 21:09:36 2022

* Version:        2020.1 (Build 2897737 on Wed May 27 20:21:37 MDT 2020)
* Project:        cordiccart2pol
* Solution:       solution1
* Product family: zynq
* Target device:  xc7z020-clg400-1


================================================================
== Performance Estimates
================================================================
+ Timing: 
    * Summary: 
    +--------+----------+----------+------------+
    |  Clock |  Target  | Estimated| Uncertainty|
    +--------+----------+----------+------------+
    |ap_clk  | 10.00 ns | 7.954 ns |   1.25 ns  |
    +--------+----------+----------+------------+

+ Latency: 
    * Summary: 
    +---------+---------+----------+----------+-----+-----+----------+
    |  Latency (cycles) |  Latency (absolute) |  Interval | Pipeline |
    |   min   |   max   |    min   |    max   | min | max |   Type   |
    +---------+---------+----------+----------+-----+-----+----------+
    |      247|      247| 2.470 us | 2.470 us |    1|    1| function |
    +---------+---------+----------+----------+-----+-----+----------+

    + Detail: 
        * Instance: 
        N/A

        * Loop: 
        N/A



================================================================
== Utilization Estimates
================================================================
* Summary: 
+-----------------+---------+-------+--------+-------+-----+
|       Name      | BRAM_18K| DSP48E|   FF   |  LUT  | URAM|
+-----------------+---------+-------+--------+-------+-----+
|DSP              |        -|      -|       -|      -|    -|
|Expression       |        -|      -|       0|   1239|    -|
|FIFO             |        -|      -|       -|      -|    -|
|Instance         |        -|    333|   22170|  47782|    -|
|Memory           |        -|      -|       -|      -|    -|
|Multiplexer      |        -|      -|       -|      -|    -|
|Register         |        0|      -|    7657|   1568|    -|
+-----------------+---------+-------+--------+-------+-----+
|Total            |        0|    333|   29827|  50589|    0|
+-----------------+---------+-------+--------+-------+-----+
|Available        |      280|    220|  106400|  53200|    0|
+-----------------+---------+-------+--------+-------+-----+
|Utilization (%)  |        0|    151|      28|     95|    0|
+-----------------+---------+-------+--------+-------+-----+

+ Detail: 
    * Instance: 
    +---------------------------+----------------------+---------+-------+-----+-----+-----+
    |          Instance         |        Module        | BRAM_18K| DSP48E|  FF | LUT | URAM|
    +---------------------------+----------------------+---------+-------+-----+-----+-----+
    |cordiccart2pol_dmhbi_U143  |cordiccart2pol_dmhbi  |        0|     11|  317|  578|    0|
    |cordiccart2pol_facud_U2    |cordiccart2pol_facud  |        0|      2|  205|  390|    0|
    |cordiccart2pol_facud_U6    |cordiccart2pol_facud  |        0|      2|  205|  390|    0|
    |cordiccart2pol_facud_U9    |cordiccart2pol_facud  |        0|      2|  205|  390|    0|
    |cordiccart2pol_facud_U12   |cordiccart2pol_facud  |        0|      2|  205|  390|    0|
    |cordiccart2pol_facud_U15   |cordiccart2pol_facud  |        0|      2|  205|  390|    0|
    |cordiccart2pol_facud_U18   |cordiccart2pol_facud  |        0|      2|  205|  390|    0|
    |cordiccart2pol_facud_U21   |cordiccart2pol_facud  |        0|      2|  205|  390|    0|
    |cordiccart2pol_facud_U24   |cordiccart2pol_facud  |        0|      2|  205|  390|    0|
    |cordiccart2pol_facud_U27   |cordiccart2pol_facud  |        0|      2|  205|  390|    0|
    |cordiccart2pol_facud_U30   |cordiccart2pol_facud  |        0|      2|  205|  390|    0|
    |cordiccart2pol_facud_U33   |cordiccart2pol_facud  |        0|      2|  205|  390|    0|
    |cordiccart2pol_facud_U36   |cordiccart2pol_facud  |        0|      2|  205|  390|    0|
    |cordiccart2pol_facud_U39   |cordiccart2pol_facud  |        0|      2|  205|  390|    0|
    |cordiccart2pol_facud_U42   |cordiccart2pol_facud  |        0|      2|  205|  390|    0|
    |cordiccart2pol_facud_U45   |cordiccart2pol_facud  |        0|      2|  205|  390|    0|
    |cordiccart2pol_fcg8j_U126  |cordiccart2pol_fcg8j  |        0|      0|   66|  239|    0|
    |cordiccart2pol_fcg8j_U127  |cordiccart2pol_fcg8j  |        0|      0|   66|  239|    0|
    |cordiccart2pol_fcg8j_U128  |cordiccart2pol_fcg8j  |        0|      0|   66|  239|    0|
    |cordiccart2pol_fcg8j_U129  |cordiccart2pol_fcg8j  |        0|      0|   66|  239|    0|
    |cordiccart2pol_fcg8j_U130  |cordiccart2pol_fcg8j  |        0|      0|   66|  239|    0|
    |cordiccart2pol_fcg8j_U131  |cordiccart2pol_fcg8j  |        0|      0|   66|  239|    0|
    |cordiccart2pol_fcg8j_U132  |cordiccart2pol_fcg8j  |        0|      0|   66|  239|    0|
    |cordiccart2pol_fcg8j_U133  |cordiccart2pol_fcg8j  |        0|      0|   66|  239|    0|
    |cordiccart2pol_fcg8j_U134  |cordiccart2pol_fcg8j  |        0|      0|   66|  239|    0|
    |cordiccart2pol_fcg8j_U135  |cordiccart2pol_fcg8j  |        0|      0|   66|  239|    0|
    |cordiccart2pol_fcg8j_U136  |cordiccart2pol_fcg8j  |        0|      0|   66|  239|    0|
    |cordiccart2pol_fcg8j_U137  |cordiccart2pol_fcg8j  |        0|      0|   66|  239|    0|
    |cordiccart2pol_fcg8j_U138  |cordiccart2pol_fcg8j  |        0|      0|   66|  239|    0|
    |cordiccart2pol_fcg8j_U139  |cordiccart2pol_fcg8j  |        0|      0|   66|  239|    0|
    |cordiccart2pol_fcg8j_U140  |cordiccart2pol_fcg8j  |        0|      0|   66|  239|    0|
    |cordiccart2pol_fcg8j_U141  |cordiccart2pol_fcg8j  |        0|      0|   66|  239|    0|
    |cordiccart2pol_fcg8j_U142  |cordiccart2pol_fcg8j  |        0|      0|   66|  239|    0|
    |cordiccart2pol_fmdEe_U48   |cordiccart2pol_fmdEe  |        0|      3|  143|  321|    0|
    |cordiccart2pol_fmdEe_U49   |cordiccart2pol_fmdEe  |        0|      3|  143|  321|    0|
    |cordiccart2pol_fmdEe_U50   |cordiccart2pol_fmdEe  |        0|      3|  143|  321|    0|
    |cordiccart2pol_fmdEe_U51   |cordiccart2pol_fmdEe  |        0|      3|  143|  321|    0|
    |cordiccart2pol_fmdEe_U52   |cordiccart2pol_fmdEe  |        0|      3|  143|  321|    0|
    |cordiccart2pol_fmdEe_U53   |cordiccart2pol_fmdEe  |        0|      3|  143|  321|    0|
    |cordiccart2pol_fmdEe_U54   |cordiccart2pol_fmdEe  |        0|      3|  143|  321|    0|
    |cordiccart2pol_fmdEe_U55   |cordiccart2pol_fmdEe  |        0|      3|  143|  321|    0|
    |cordiccart2pol_fmdEe_U56   |cordiccart2pol_fmdEe  |        0|      3|  143|  321|    0|
    |cordiccart2pol_fmdEe_U57   |cordiccart2pol_fmdEe  |        0|      3|  143|  321|    0|
    |cordiccart2pol_fmdEe_U58   |cordiccart2pol_fmdEe  |        0|      3|  143|  321|    0|
    |cordiccart2pol_fmdEe_U59   |cordiccart2pol_fmdEe  |        0|      3|  143|  321|    0|
    |cordiccart2pol_fmdEe_U60   |cordiccart2pol_fmdEe  |        0|      3|  143|  321|    0|
    |cordiccart2pol_fmdEe_U61   |cordiccart2pol_fmdEe  |        0|      3|  143|  321|    0|
    |cordiccart2pol_fmdEe_U62   |cordiccart2pol_fmdEe  |        0|      3|  143|  321|    0|
    |cordiccart2pol_fmdEe_U63   |cordiccart2pol_fmdEe  |        0|      3|  143|  321|    0|
    |cordiccart2pol_fmdEe_U64   |cordiccart2pol_fmdEe  |        0|      3|  143|  321|    0|
    |cordiccart2pol_fmdEe_U65   |cordiccart2pol_fmdEe  |        0|      3|  143|  321|    0|
    |cordiccart2pol_fmdEe_U66   |cordiccart2pol_fmdEe  |        0|      3|  143|  321|    0|
    |cordiccart2pol_fmdEe_U67   |cordiccart2pol_fmdEe  |        0|      3|  143|  321|    0|
    |cordiccart2pol_fmdEe_U68   |cordiccart2pol_fmdEe  |        0|      3|  143|  321|    0|
    |cordiccart2pol_fmdEe_U69   |cordiccart2pol_fmdEe  |        0|      3|  143|  321|    0|
    |cordiccart2pol_fmdEe_U70   |cordiccart2pol_fmdEe  |        0|      3|  143|  321|    0|
    |cordiccart2pol_fmdEe_U71   |cordiccart2pol_fmdEe  |        0|      3|  143|  321|    0|
    |cordiccart2pol_fmdEe_U72   |cordiccart2pol_fmdEe  |        0|      3|  143|  321|    0|
    |cordiccart2pol_fmdEe_U73   |cordiccart2pol_fmdEe  |        0|      3|  143|  321|    0|
    |cordiccart2pol_fmdEe_U74   |cordiccart2pol_fmdEe  |        0|      3|  143|  321|    0|
    |cordiccart2pol_fmdEe_U75   |cordiccart2pol_fmdEe  |        0|      3|  143|  321|    0|
    |cordiccart2pol_fmdEe_U76   |cordiccart2pol_fmdEe  |        0|      3|  143|  321|    0|
    |cordiccart2pol_fmdEe_U77   |cordiccart2pol_fmdEe  |        0|      3|  143|  321|    0|
    |cordiccart2pol_fmdEe_U78   |cordiccart2pol_fmdEe  |        0|      3|  143|  321|    0|
    |cordiccart2pol_fmdEe_U79   |cordiccart2pol_fmdEe  |        0|      3|  143|  321|    0|
    |cordiccart2pol_fmdEe_U80   |cordiccart2pol_fmdEe  |        0|      3|  143|  321|    0|
    |cordiccart2pol_fmdEe_U81   |cordiccart2pol_fmdEe  |        0|      3|  143|  321|    0|
    |cordiccart2pol_fmdEe_U82   |cordiccart2pol_fmdEe  |        0|      3|  143|  321|    0|
    |cordiccart2pol_fmdEe_U83   |cordiccart2pol_fmdEe  |        0|      3|  143|  321|    0|
    |cordiccart2pol_fmdEe_U84   |cordiccart2pol_fmdEe  |        0|      3|  143|  321|    0|
    |cordiccart2pol_fmdEe_U85   |cordiccart2pol_fmdEe  |        0|      3|  143|  321|    0|
    |cordiccart2pol_fmdEe_U86   |cordiccart2pol_fmdEe  |        0|      3|  143|  321|    0|
    |cordiccart2pol_fmdEe_U87   |cordiccart2pol_fmdEe  |        0|      3|  143|  321|    0|
    |cordiccart2pol_fmdEe_U88   |cordiccart2pol_fmdEe  |        0|      3|  143|  321|    0|
    |cordiccart2pol_fmdEe_U89   |cordiccart2pol_fmdEe  |        0|      3|  143|  321|    0|
    |cordiccart2pol_fmdEe_U90   |cordiccart2pol_fmdEe  |        0|      3|  143|  321|    0|
    |cordiccart2pol_fmdEe_U91   |cordiccart2pol_fmdEe  |        0|      3|  143|  321|    0|
    |cordiccart2pol_fmdEe_U92   |cordiccart2pol_fmdEe  |        0|      3|  143|  321|    0|
    |cordiccart2pol_fmdEe_U93   |cordiccart2pol_fmdEe  |        0|      3|  143|  321|    0|
    |cordiccart2pol_fmdEe_U94   |cordiccart2pol_fmdEe  |        0|      3|  143|  321|    0|
    |cordiccart2pol_fmdEe_U95   |cordiccart2pol_fmdEe  |        0|      3|  143|  321|    0|
    |cordiccart2pol_fmdEe_U96   |cordiccart2pol_fmdEe  |        0|      3|  143|  321|    0|
    |cordiccart2pol_fmdEe_U97   |cordiccart2pol_fmdEe  |        0|      3|  143|  321|    0|
    |cordiccart2pol_fmdEe_U98   |cordiccart2pol_fmdEe  |        0|      3|  143|  321|    0|
    |cordiccart2pol_fmdEe_U99   |cordiccart2pol_fmdEe  |        0|      3|  143|  321|    0|
    |cordiccart2pol_fmdEe_U100  |cordiccart2pol_fmdEe  |        0|      3|  143|  321|    0|
    |cordiccart2pol_fmdEe_U101  |cordiccart2pol_fmdEe  |        0|      3|  143|  321|    0|
    |cordiccart2pol_fmdEe_U102  |cordiccart2pol_fmdEe  |        0|      3|  143|  321|    0|
    |cordiccart2pol_fmdEe_U103  |cordiccart2pol_fmdEe  |        0|      3|  143|  321|    0|
    |cordiccart2pol_fmdEe_U104  |cordiccart2pol_fmdEe  |        0|      3|  143|  321|    0|
    |cordiccart2pol_fmdEe_U105  |cordiccart2pol_fmdEe  |        0|      3|  143|  321|    0|
    |cordiccart2pol_fmdEe_U106  |cordiccart2pol_fmdEe  |        0|      3|  143|  321|    0|
    |cordiccart2pol_fmdEe_U107  |cordiccart2pol_fmdEe  |        0|      3|  143|  321|    0|
    |cordiccart2pol_fmdEe_U108  |cordiccart2pol_fmdEe  |        0|      3|  143|  321|    0|
    |cordiccart2pol_fmdEe_U109  |cordiccart2pol_fmdEe  |        0|      3|  143|  321|    0|
    |cordiccart2pol_fmdEe_U110  |cordiccart2pol_fmdEe  |        0|      3|  143|  321|    0|
    |cordiccart2pol_fmdEe_U111  |cordiccart2pol_fmdEe  |        0|      3|  143|  321|    0|
    |cordiccart2pol_fmdEe_U112  |cordiccart2pol_fmdEe  |        0|      3|  143|  321|    0|
    |cordiccart2pol_fmdEe_U113  |cordiccart2pol_fmdEe  |        0|      3|  143|  321|    0|
    |cordiccart2pol_fmdEe_U114  |cordiccart2pol_fmdEe  |        0|      3|  143|  321|    0|
    |cordiccart2pol_fmdEe_U115  |cordiccart2pol_fmdEe  |        0|      3|  143|  321|    0|
    |cordiccart2pol_fmdEe_U116  |cordiccart2pol_fmdEe  |        0|      3|  143|  321|    0|
    |cordiccart2pol_fmdEe_U117  |cordiccart2pol_fmdEe  |        0|      3|  143|  321|    0|
    |cordiccart2pol_fmdEe_U118  |cordiccart2pol_fmdEe  |        0|      3|  143|  321|    0|
    |cordiccart2pol_fmdEe_U119  |cordiccart2pol_fmdEe  |        0|      3|  143|  321|    0|
    |cordiccart2pol_fmdEe_U120  |cordiccart2pol_fmdEe  |        0|      3|  143|  321|    0|
    |cordiccart2pol_fmdEe_U121  |cordiccart2pol_fmdEe  |        0|      3|  143|  321|    0|
    |cordiccart2pol_fmdEe_U122  |cordiccart2pol_fmdEe  |        0|      3|  143|  321|    0|
    |cordiccart2pol_fmdEe_U123  |cordiccart2pol_fmdEe  |        0|      3|  143|  321|    0|
    |cordiccart2pol_fpeOg_U124  |cordiccart2pol_fpeOg  |        0|      0|  128|  277|    0|
    |cordiccart2pol_fpfYi_U125  |cordiccart2pol_fpfYi  |        0|      0|  100|  138|    0|
    |cordiccart2pol_fsbkb_U1    |cordiccart2pol_fsbkb  |        0|      2|  205|  390|    0|
    |cordiccart2pol_fsbkb_U3    |cordiccart2pol_fsbkb  |        0|      2|  205|  390|    0|
    |cordiccart2pol_fsbkb_U4    |cordiccart2pol_fsbkb  |        0|      2|  205|  390|    0|
    |cordiccart2pol_fsbkb_U5    |cordiccart2pol_fsbkb  |        0|      2|  205|  390|    0|
    |cordiccart2pol_fsbkb_U7    |cordiccart2pol_fsbkb  |        0|      2|  205|  390|    0|
    |cordiccart2pol_fsbkb_U8    |cordiccart2pol_fsbkb  |        0|      2|  205|  390|    0|
    |cordiccart2pol_fsbkb_U10   |cordiccart2pol_fsbkb  |        0|      2|  205|  390|    0|
    |cordiccart2pol_fsbkb_U11   |cordiccart2pol_fsbkb  |        0|      2|  205|  390|    0|
    |cordiccart2pol_fsbkb_U13   |cordiccart2pol_fsbkb  |        0|      2|  205|  390|    0|
    |cordiccart2pol_fsbkb_U14   |cordiccart2pol_fsbkb  |        0|      2|  205|  390|    0|
    |cordiccart2pol_fsbkb_U16   |cordiccart2pol_fsbkb  |        0|      2|  205|  390|    0|
    |cordiccart2pol_fsbkb_U17   |cordiccart2pol_fsbkb  |        0|      2|  205|  390|    0|
    |cordiccart2pol_fsbkb_U19   |cordiccart2pol_fsbkb  |        0|      2|  205|  390|    0|
    |cordiccart2pol_fsbkb_U20   |cordiccart2pol_fsbkb  |        0|      2|  205|  390|    0|
    |cordiccart2pol_fsbkb_U22   |cordiccart2pol_fsbkb  |        0|      2|  205|  390|    0|
    |cordiccart2pol_fsbkb_U23   |cordiccart2pol_fsbkb  |        0|      2|  205|  390|    0|
    |cordiccart2pol_fsbkb_U25   |cordiccart2pol_fsbkb  |        0|      2|  205|  390|    0|
    |cordiccart2pol_fsbkb_U26   |cordiccart2pol_fsbkb  |        0|      2|  205|  390|    0|
    |cordiccart2pol_fsbkb_U28   |cordiccart2pol_fsbkb  |        0|      2|  205|  390|    0|
    |cordiccart2pol_fsbkb_U29   |cordiccart2pol_fsbkb  |        0|      2|  205|  390|    0|
    |cordiccart2pol_fsbkb_U31   |cordiccart2pol_fsbkb  |        0|      2|  205|  390|    0|
    |cordiccart2pol_fsbkb_U32   |cordiccart2pol_fsbkb  |        0|      2|  205|  390|    0|
    |cordiccart2pol_fsbkb_U34   |cordiccart2pol_fsbkb  |        0|      2|  205|  390|    0|
    |cordiccart2pol_fsbkb_U35   |cordiccart2pol_fsbkb  |        0|      2|  205|  390|    0|
    |cordiccart2pol_fsbkb_U37   |cordiccart2pol_fsbkb  |        0|      2|  205|  390|    0|
    |cordiccart2pol_fsbkb_U38   |cordiccart2pol_fsbkb  |        0|      2|  205|  390|    0|
    |cordiccart2pol_fsbkb_U40   |cordiccart2pol_fsbkb  |        0|      2|  205|  390|    0|
    |cordiccart2pol_fsbkb_U41   |cordiccart2pol_fsbkb  |        0|      2|  205|  390|    0|
    |cordiccart2pol_fsbkb_U43   |cordiccart2pol_fsbkb  |        0|      2|  205|  390|    0|
    |cordiccart2pol_fsbkb_U44   |cordiccart2pol_fsbkb  |        0|      2|  205|  390|    0|
    |cordiccart2pol_fsbkb_U46   |cordiccart2pol_fsbkb  |        0|      2|  205|  390|    0|
    |cordiccart2pol_fsbkb_U47   |cordiccart2pol_fsbkb  |        0|      2|  205|  390|    0|
    +---------------------------+----------------------+---------+-------+-----+-----+-----+
    |Total                      |                      |        0|    333|22170|47782|    0|
    +---------------------------+----------------------+---------+-------+-----+-----+-----+

    * DSP48E: 
    N/A

    * Memory: 
    N/A

    * FIFO: 
    N/A

    * Expression: 
    +---------------------------+----------+-------+---+----+------------+------------+
    |       Variable Name       | Operation| DSP48E| FF| LUT| Bitwidth P0| Bitwidth P1|
    +---------------------------+----------+-------+---+----+------------+------------+
    |and_ln26_fu_802_p2         |    and   |      0|  0|   2|           1|           1|
    |and_ln44_10_fu_1376_p2     |    and   |      0|  0|   2|           1|           1|
    |and_ln44_11_fu_1425_p2     |    and   |      0|  0|   2|           1|           1|
    |and_ln44_12_fu_1474_p2     |    and   |      0|  0|   2|           1|           1|
    |and_ln44_13_fu_1523_p2     |    and   |      0|  0|   2|           1|           1|
    |and_ln44_14_fu_1572_p2     |    and   |      0|  0|   2|           1|           1|
    |and_ln44_15_fu_1621_p2     |    and   |      0|  0|   2|           1|           1|
    |and_ln44_1_fu_935_p2       |    and   |      0|  0|   2|           1|           1|
    |and_ln44_2_fu_984_p2       |    and   |      0|  0|   2|           1|           1|
    |and_ln44_3_fu_1033_p2      |    and   |      0|  0|   2|           1|           1|
    |and_ln44_4_fu_1082_p2      |    and   |      0|  0|   2|           1|           1|
    |and_ln44_5_fu_1131_p2      |    and   |      0|  0|   2|           1|           1|
    |and_ln44_6_fu_1180_p2      |    and   |      0|  0|   2|           1|           1|
    |and_ln44_7_fu_1229_p2      |    and   |      0|  0|   2|           1|           1|
    |and_ln44_8_fu_1278_p2      |    and   |      0|  0|   2|           1|           1|
    |and_ln44_9_fu_1327_p2      |    and   |      0|  0|   2|           1|           1|
    |and_ln44_fu_878_p2         |    and   |      0|  0|   2|           1|           1|
    |ap_block_pp0_stage0_00001  |    and   |      0|  0|   2|           1|           1|
    |icmp_ln26_1_fu_790_p2      |   icmp   |      0|  0|  18|          23|           1|
    |icmp_ln26_fu_784_p2        |   icmp   |      0|  0|  11|           8|           2|
    |icmp_ln44_10_fu_1115_p2    |   icmp   |      0|  0|  11|           8|           2|
    |icmp_ln44_11_fu_1121_p2    |   icmp   |      0|  0|  18|          23|           1|
    |icmp_ln44_12_fu_1164_p2    |   icmp   |      0|  0|  11|           8|           2|
    |icmp_ln44_13_fu_1170_p2    |   icmp   |      0|  0|  18|          23|           1|
    |icmp_ln44_14_fu_1213_p2    |   icmp   |      0|  0|  11|           8|           2|
    |icmp_ln44_15_fu_1219_p2    |   icmp   |      0|  0|  18|          23|           1|
    |icmp_ln44_16_fu_1262_p2    |   icmp   |      0|  0|  11|           8|           2|
    |icmp_ln44_17_fu_1268_p2    |   icmp   |      0|  0|  18|          23|           1|
    |icmp_ln44_18_fu_1311_p2    |   icmp   |      0|  0|  11|           8|           2|
    |icmp_ln44_19_fu_1317_p2    |   icmp   |      0|  0|  18|          23|           1|
    |icmp_ln44_1_fu_868_p2      |   icmp   |      0|  0|  18|          23|           1|
    |icmp_ln44_20_fu_1360_p2    |   icmp   |      0|  0|  11|           8|           2|
    |icmp_ln44_21_fu_1366_p2    |   icmp   |      0|  0|  18|          23|           1|
    |icmp_ln44_22_fu_1409_p2    |   icmp   |      0|  0|  11|           8|           2|
    |icmp_ln44_23_fu_1415_p2    |   icmp   |      0|  0|  18|          23|           1|
    |icmp_ln44_24_fu_1458_p2    |   icmp   |      0|  0|  11|           8|           2|
    |icmp_ln44_25_fu_1464_p2    |   icmp   |      0|  0|  18|          23|           1|
    |icmp_ln44_26_fu_1507_p2    |   icmp   |      0|  0|  11|           8|           2|
    |icmp_ln44_27_fu_1513_p2    |   icmp   |      0|  0|  18|          23|           1|
    |icmp_ln44_28_fu_1556_p2    |   icmp   |      0|  0|  11|           8|           2|
    |icmp_ln44_29_fu_1562_p2    |   icmp   |      0|  0|  18|          23|           1|
    |icmp_ln44_2_fu_919_p2      |   icmp   |      0|  0|  11|           8|           2|
    |icmp_ln44_30_fu_1605_p2    |   icmp   |      0|  0|  11|           8|           2|
    |icmp_ln44_31_fu_1611_p2    |   icmp   |      0|  0|  18|          23|           1|
    |icmp_ln44_3_fu_925_p2      |   icmp   |      0|  0|  18|          23|           1|
    |icmp_ln44_4_fu_968_p2      |   icmp   |      0|  0|  11|           8|           2|
    |icmp_ln44_5_fu_974_p2      |   icmp   |      0|  0|  18|          23|           1|
    |icmp_ln44_6_fu_1017_p2     |   icmp   |      0|  0|  11|           8|           2|
    |icmp_ln44_7_fu_1023_p2     |   icmp   |      0|  0|  18|          23|           1|
    |icmp_ln44_8_fu_1066_p2     |   icmp   |      0|  0|  11|           8|           2|
    |icmp_ln44_9_fu_1072_p2     |   icmp   |      0|  0|  18|          23|           1|
    |icmp_ln44_fu_862_p2        |   icmp   |      0|  0|  11|           8|           2|
    |or_ln26_fu_796_p2          |    or    |      0|  0|   2|           1|           1|
    |or_ln44_10_fu_1372_p2      |    or    |      0|  0|   2|           1|           1|
    |or_ln44_11_fu_1421_p2      |    or    |      0|  0|   2|           1|           1|
    |or_ln44_12_fu_1470_p2      |    or    |      0|  0|   2|           1|           1|
    |or_ln44_13_fu_1519_p2      |    or    |      0|  0|   2|           1|           1|
    |or_ln44_14_fu_1568_p2      |    or    |      0|  0|   2|           1|           1|
    |or_ln44_15_fu_1617_p2      |    or    |      0|  0|   2|           1|           1|
    |or_ln44_1_fu_931_p2        |    or    |      0|  0|   2|           1|           1|
    |or_ln44_2_fu_980_p2        |    or    |      0|  0|   2|           1|           1|
    |or_ln44_3_fu_1029_p2       |    or    |      0|  0|   2|           1|           1|
    |or_ln44_4_fu_1078_p2       |    or    |      0|  0|   2|           1|           1|
    |or_ln44_5_fu_1127_p2       |    or    |      0|  0|   2|           1|           1|
    |or_ln44_6_fu_1176_p2       |    or    |      0|  0|   2|           1|           1|
    |or_ln44_7_fu_1225_p2       |    or    |      0|  0|   2|           1|           1|
    |or_ln44_8_fu_1274_p2       |    or    |      0|  0|   2|           1|           1|
    |or_ln44_9_fu_1323_p2       |    or    |      0|  0|   2|           1|           1|
    |or_ln44_fu_874_p2          |    or    |      0|  0|   2|           1|           1|
    |grp_fu_140_p0              |  select  |      0|  0|  32|           1|          30|
    |grp_fu_682_p0              |  select  |      0|  0|  32|           1|          32|
    |select_ln55_10_fu_1381_p3  |  select  |      0|  0|  32|           1|          32|
    |select_ln55_11_fu_1430_p3  |  select  |      0|  0|  32|           1|          32|
    |select_ln55_12_fu_1479_p3  |  select  |      0|  0|  32|           1|          32|
    |select_ln55_13_fu_1528_p3  |  select  |      0|  0|  32|           1|          32|
    |select_ln55_14_fu_1577_p3  |  select  |      0|  0|  32|           1|          32|
    |select_ln55_15_fu_1626_p3  |  select  |      0|  0|  32|           1|          32|
    |select_ln55_1_fu_940_p3    |  select  |      0|  0|  32|           1|          32|
    |select_ln55_2_fu_989_p3    |  select  |      0|  0|  32|           1|          32|
    |select_ln55_3_fu_1038_p3   |  select  |      0|  0|  32|           1|          32|
    |select_ln55_4_fu_1087_p3   |  select  |      0|  0|  32|           1|          32|
    |select_ln55_5_fu_1136_p3   |  select  |      0|  0|  32|           1|          32|
    |select_ln55_6_fu_1185_p3   |  select  |      0|  0|  32|           1|          32|
    |select_ln55_7_fu_1234_p3   |  select  |      0|  0|  32|           1|          32|
    |select_ln55_8_fu_1283_p3   |  select  |      0|  0|  32|           1|          32|
    |select_ln55_9_fu_1332_p3   |  select  |      0|  0|  32|           1|          32|
    |select_ln55_fu_883_p3      |  select  |      0|  0|  32|           1|          32|
    |x_copy_2_fu_818_p3         |  select  |      0|  0|  32|           1|          32|
    |ap_enable_pp0              |    xor   |      0|  0|   2|           1|           2|
    |xor_ln29_fu_828_p2         |    xor   |      0|  0|  33|          32|          33|
    |xor_ln34_fu_808_p2         |    xor   |      0|  0|  33|          32|          33|
    +---------------------------+----------+-------+---+----+------------+------------+
    |Total                      |          |      0|  0|1239|         646|         760|
    +---------------------------+----------+-------+---+----+------------+------------+

    * Multiplexer: 
    N/A

    * Register: 
    +-------------------------------+----+----+-----+-----------+
    |              Name             | FF | LUT| Bits| Const Bits|
    +-------------------------------+----+----+-----+-----------+
    |and_ln26_reg_1649              |   1|   0|    1|          0|
    |angle_10_reg_2437              |  32|   0|   32|          0|
    |angle_11_reg_2503              |  32|   0|   32|          0|
    |angle_12_reg_2569              |  32|   0|   32|          0|
    |angle_13_reg_2635              |  32|   0|   32|          0|
    |angle_14_reg_2688              |  32|   0|   32|          0|
    |angle_1_reg_2371               |  32|   0|   32|          0|
    |angle_2_reg_1843               |  32|   0|   32|          0|
    |angle_3_reg_1909               |  32|   0|   32|          0|
    |angle_4_reg_1975               |  32|   0|   32|          0|
    |angle_5_reg_2041               |  32|   0|   32|          0|
    |angle_6_reg_2107               |  32|   0|   32|          0|
    |angle_7_reg_2173               |  32|   0|   32|          0|
    |angle_8_reg_2239               |  32|   0|   32|          0|
    |angle_9_reg_2305               |  32|   0|   32|          0|
    |angle_reg_1725                 |  32|   0|   32|          0|
    |angle_s_reg_1777               |  32|   0|   32|          0|
    |ap_CS_fsm                      |   1|   0|    1|          0|
    |ap_enable_reg_pp0_iter1        |   1|   0|    1|          0|
    |ap_enable_reg_pp0_iter10       |   1|   0|    1|          0|
    |ap_enable_reg_pp0_iter100      |   1|   0|    1|          0|
    |ap_enable_reg_pp0_iter101      |   1|   0|    1|          0|
    |ap_enable_reg_pp0_iter102      |   1|   0|    1|          0|
    |ap_enable_reg_pp0_iter103      |   1|   0|    1|          0|
    |ap_enable_reg_pp0_iter104      |   1|   0|    1|          0|
    |ap_enable_reg_pp0_iter105      |   1|   0|    1|          0|
    |ap_enable_reg_pp0_iter106      |   1|   0|    1|          0|
    |ap_enable_reg_pp0_iter107      |   1|   0|    1|          0|
    |ap_enable_reg_pp0_iter108      |   1|   0|    1|          0|
    |ap_enable_reg_pp0_iter109      |   1|   0|    1|          0|
    |ap_enable_reg_pp0_iter11       |   1|   0|    1|          0|
    |ap_enable_reg_pp0_iter110      |   1|   0|    1|          0|
    |ap_enable_reg_pp0_iter111      |   1|   0|    1|          0|
    |ap_enable_reg_pp0_iter112      |   1|   0|    1|          0|
    |ap_enable_reg_pp0_iter113      |   1|   0|    1|          0|
    |ap_enable_reg_pp0_iter114      |   1|   0|    1|          0|
    |ap_enable_reg_pp0_iter115      |   1|   0|    1|          0|
    |ap_enable_reg_pp0_iter116      |   1|   0|    1|          0|
    |ap_enable_reg_pp0_iter117      |   1|   0|    1|          0|
    |ap_enable_reg_pp0_iter118      |   1|   0|    1|          0|
    |ap_enable_reg_pp0_iter119      |   1|   0|    1|          0|
    |ap_enable_reg_pp0_iter12       |   1|   0|    1|          0|
    |ap_enable_reg_pp0_iter120      |   1|   0|    1|          0|
    |ap_enable_reg_pp0_iter121      |   1|   0|    1|          0|
    |ap_enable_reg_pp0_iter122      |   1|   0|    1|          0|
    |ap_enable_reg_pp0_iter123      |   1|   0|    1|          0|
    |ap_enable_reg_pp0_iter124      |   1|   0|    1|          0|
    |ap_enable_reg_pp0_iter125      |   1|   0|    1|          0|
    |ap_enable_reg_pp0_iter126      |   1|   0|    1|          0|
    |ap_enable_reg_pp0_iter127      |   1|   0|    1|          0|
    |ap_enable_reg_pp0_iter128      |   1|   0|    1|          0|
    |ap_enable_reg_pp0_iter129      |   1|   0|    1|          0|
    |ap_enable_reg_pp0_iter13       |   1|   0|    1|          0|
    |ap_enable_reg_pp0_iter130      |   1|   0|    1|          0|
    |ap_enable_reg_pp0_iter131      |   1|   0|    1|          0|
    |ap_enable_reg_pp0_iter132      |   1|   0|    1|          0|
    |ap_enable_reg_pp0_iter133      |   1|   0|    1|          0|
    |ap_enable_reg_pp0_iter134      |   1|   0|    1|          0|
    |ap_enable_reg_pp0_iter135      |   1|   0|    1|          0|
    |ap_enable_reg_pp0_iter136      |   1|   0|    1|          0|
    |ap_enable_reg_pp0_iter137      |   1|   0|    1|          0|
    |ap_enable_reg_pp0_iter138      |   1|   0|    1|          0|
    |ap_enable_reg_pp0_iter139      |   1|   0|    1|          0|
    |ap_enable_reg_pp0_iter14       |   1|   0|    1|          0|
    |ap_enable_reg_pp0_iter140      |   1|   0|    1|          0|
    |ap_enable_reg_pp0_iter141      |   1|   0|    1|          0|
    |ap_enable_reg_pp0_iter142      |   1|   0|    1|          0|
    |ap_enable_reg_pp0_iter143      |   1|   0|    1|          0|
    |ap_enable_reg_pp0_iter144      |   1|   0|    1|          0|
    |ap_enable_reg_pp0_iter145      |   1|   0|    1|          0|
    |ap_enable_reg_pp0_iter146      |   1|   0|    1|          0|
    |ap_enable_reg_pp0_iter147      |   1|   0|    1|          0|
    |ap_enable_reg_pp0_iter148      |   1|   0|    1|          0|
    |ap_enable_reg_pp0_iter149      |   1|   0|    1|          0|
    |ap_enable_reg_pp0_iter15       |   1|   0|    1|          0|
    |ap_enable_reg_pp0_iter150      |   1|   0|    1|          0|
    |ap_enable_reg_pp0_iter151      |   1|   0|    1|          0|
    |ap_enable_reg_pp0_iter152      |   1|   0|    1|          0|
    |ap_enable_reg_pp0_iter153      |   1|   0|    1|          0|
    |ap_enable_reg_pp0_iter154      |   1|   0|    1|          0|
    |ap_enable_reg_pp0_iter155      |   1|   0|    1|          0|
    |ap_enable_reg_pp0_iter156      |   1|   0|    1|          0|
    |ap_enable_reg_pp0_iter157      |   1|   0|    1|          0|
    |ap_enable_reg_pp0_iter158      |   1|   0|    1|          0|
    |ap_enable_reg_pp0_iter159      |   1|   0|    1|          0|
    |ap_enable_reg_pp0_iter16       |   1|   0|    1|          0|
    |ap_enable_reg_pp0_iter160      |   1|   0|    1|          0|
    |ap_enable_reg_pp0_iter161      |   1|   0|    1|          0|
    |ap_enable_reg_pp0_iter162      |   1|   0|    1|          0|
    |ap_enable_reg_pp0_iter163      |   1|   0|    1|          0|
    |ap_enable_reg_pp0_iter164      |   1|   0|    1|          0|
    |ap_enable_reg_pp0_iter165      |   1|   0|    1|          0|
    |ap_enable_reg_pp0_iter166      |   1|   0|    1|          0|
    |ap_enable_reg_pp0_iter167      |   1|   0|    1|          0|
    |ap_enable_reg_pp0_iter168      |   1|   0|    1|          0|
    |ap_enable_reg_pp0_iter169      |   1|   0|    1|          0|
    |ap_enable_reg_pp0_iter17       |   1|   0|    1|          0|
    |ap_enable_reg_pp0_iter170      |   1|   0|    1|          0|
    |ap_enable_reg_pp0_iter171      |   1|   0|    1|          0|
    |ap_enable_reg_pp0_iter172      |   1|   0|    1|          0|
    |ap_enable_reg_pp0_iter173      |   1|   0|    1|          0|
    |ap_enable_reg_pp0_iter174      |   1|   0|    1|          0|
    |ap_enable_reg_pp0_iter175      |   1|   0|    1|          0|
    |ap_enable_reg_pp0_iter176      |   1|   0|    1|          0|
    |ap_enable_reg_pp0_iter177      |   1|   0|    1|          0|
    |ap_enable_reg_pp0_iter178      |   1|   0|    1|          0|
    |ap_enable_reg_pp0_iter179      |   1|   0|    1|          0|
    |ap_enable_reg_pp0_iter18       |   1|   0|    1|          0|
    |ap_enable_reg_pp0_iter180      |   1|   0|    1|          0|
    |ap_enable_reg_pp0_iter181      |   1|   0|    1|          0|
    |ap_enable_reg_pp0_iter182      |   1|   0|    1|          0|
    |ap_enable_reg_pp0_iter183      |   1|   0|    1|          0|
    |ap_enable_reg_pp0_iter184      |   1|   0|    1|          0|
    |ap_enable_reg_pp0_iter185      |   1|   0|    1|          0|
    |ap_enable_reg_pp0_iter186      |   1|   0|    1|          0|
    |ap_enable_reg_pp0_iter187      |   1|   0|    1|          0|
    |ap_enable_reg_pp0_iter188      |   1|   0|    1|          0|
    |ap_enable_reg_pp0_iter189      |   1|   0|    1|          0|
    |ap_enable_reg_pp0_iter19       |   1|   0|    1|          0|
    |ap_enable_reg_pp0_iter190      |   1|   0|    1|          0|
    |ap_enable_reg_pp0_iter191      |   1|   0|    1|          0|
    |ap_enable_reg_pp0_iter192      |   1|   0|    1|          0|
    |ap_enable_reg_pp0_iter193      |   1|   0|    1|          0|
    |ap_enable_reg_pp0_iter194      |   1|   0|    1|          0|
    |ap_enable_reg_pp0_iter195      |   1|   0|    1|          0|
    |ap_enable_reg_pp0_iter196      |   1|   0|    1|          0|
    |ap_enable_reg_pp0_iter197      |   1|   0|    1|          0|
    |ap_enable_reg_pp0_iter198      |   1|   0|    1|          0|
    |ap_enable_reg_pp0_iter199      |   1|   0|    1|          0|
    |ap_enable_reg_pp0_iter2        |   1|   0|    1|          0|
    |ap_enable_reg_pp0_iter20       |   1|   0|    1|          0|
    |ap_enable_reg_pp0_iter200      |   1|   0|    1|          0|
    |ap_enable_reg_pp0_iter201      |   1|   0|    1|          0|
    |ap_enable_reg_pp0_iter202      |   1|   0|    1|          0|
    |ap_enable_reg_pp0_iter203      |   1|   0|    1|          0|
    |ap_enable_reg_pp0_iter204      |   1|   0|    1|          0|
    |ap_enable_reg_pp0_iter205      |   1|   0|    1|          0|
    |ap_enable_reg_pp0_iter206      |   1|   0|    1|          0|
    |ap_enable_reg_pp0_iter207      |   1|   0|    1|          0|
    |ap_enable_reg_pp0_iter208      |   1|   0|    1|          0|
    |ap_enable_reg_pp0_iter209      |   1|   0|    1|          0|
    |ap_enable_reg_pp0_iter21       |   1|   0|    1|          0|
    |ap_enable_reg_pp0_iter210      |   1|   0|    1|          0|
    |ap_enable_reg_pp0_iter211      |   1|   0|    1|          0|
    |ap_enable_reg_pp0_iter212      |   1|   0|    1|          0|
    |ap_enable_reg_pp0_iter213      |   1|   0|    1|          0|
    |ap_enable_reg_pp0_iter214      |   1|   0|    1|          0|
    |ap_enable_reg_pp0_iter215      |   1|   0|    1|          0|
    |ap_enable_reg_pp0_iter216      |   1|   0|    1|          0|
    |ap_enable_reg_pp0_iter217      |   1|   0|    1|          0|
    |ap_enable_reg_pp0_iter218      |   1|   0|    1|          0|
    |ap_enable_reg_pp0_iter219      |   1|   0|    1|          0|
    |ap_enable_reg_pp0_iter22       |   1|   0|    1|          0|
    |ap_enable_reg_pp0_iter220      |   1|   0|    1|          0|
    |ap_enable_reg_pp0_iter221      |   1|   0|    1|          0|
    |ap_enable_reg_pp0_iter222      |   1|   0|    1|          0|
    |ap_enable_reg_pp0_iter223      |   1|   0|    1|          0|
    |ap_enable_reg_pp0_iter224      |   1|   0|    1|          0|
    |ap_enable_reg_pp0_iter225      |   1|   0|    1|          0|
    |ap_enable_reg_pp0_iter226      |   1|   0|    1|          0|
    |ap_enable_reg_pp0_iter227      |   1|   0|    1|          0|
    |ap_enable_reg_pp0_iter228      |   1|   0|    1|          0|
    |ap_enable_reg_pp0_iter229      |   1|   0|    1|          0|
    |ap_enable_reg_pp0_iter23       |   1|   0|    1|          0|
    |ap_enable_reg_pp0_iter230      |   1|   0|    1|          0|
    |ap_enable_reg_pp0_iter231      |   1|   0|    1|          0|
    |ap_enable_reg_pp0_iter232      |   1|   0|    1|          0|
    |ap_enable_reg_pp0_iter233      |   1|   0|    1|          0|
    |ap_enable_reg_pp0_iter234      |   1|   0|    1|          0|
    |ap_enable_reg_pp0_iter235      |   1|   0|    1|          0|
    |ap_enable_reg_pp0_iter236      |   1|   0|    1|          0|
    |ap_enable_reg_pp0_iter237      |   1|   0|    1|          0|
    |ap_enable_reg_pp0_iter238      |   1|   0|    1|          0|
    |ap_enable_reg_pp0_iter239      |   1|   0|    1|          0|
    |ap_enable_reg_pp0_iter24       |   1|   0|    1|          0|
    |ap_enable_reg_pp0_iter240      |   1|   0|    1|          0|
    |ap_enable_reg_pp0_iter241      |   1|   0|    1|          0|
    |ap_enable_reg_pp0_iter242      |   1|   0|    1|          0|
    |ap_enable_reg_pp0_iter243      |   1|   0|    1|          0|
    |ap_enable_reg_pp0_iter244      |   1|   0|    1|          0|
    |ap_enable_reg_pp0_iter245      |   1|   0|    1|          0|
    |ap_enable_reg_pp0_iter246      |   1|   0|    1|          0|
    |ap_enable_reg_pp0_iter247      |   1|   0|    1|          0|
    |ap_enable_reg_pp0_iter25       |   1|   0|    1|          0|
    |ap_enable_reg_pp0_iter26       |   1|   0|    1|          0|
    |ap_enable_reg_pp0_iter27       |   1|   0|    1|          0|
    |ap_enable_reg_pp0_iter28       |   1|   0|    1|          0|
    |ap_enable_reg_pp0_iter29       |   1|   0|    1|          0|
    |ap_enable_reg_pp0_iter3        |   1|   0|    1|          0|
    |ap_enable_reg_pp0_iter30       |   1|   0|    1|          0|
    |ap_enable_reg_pp0_iter31       |   1|   0|    1|          0|
    |ap_enable_reg_pp0_iter32       |   1|   0|    1|          0|
    |ap_enable_reg_pp0_iter33       |   1|   0|    1|          0|
    |ap_enable_reg_pp0_iter34       |   1|   0|    1|          0|
    |ap_enable_reg_pp0_iter35       |   1|   0|    1|          0|
    |ap_enable_reg_pp0_iter36       |   1|   0|    1|          0|
    |ap_enable_reg_pp0_iter37       |   1|   0|    1|          0|
    |ap_enable_reg_pp0_iter38       |   1|   0|    1|          0|
    |ap_enable_reg_pp0_iter39       |   1|   0|    1|          0|
    |ap_enable_reg_pp0_iter4        |   1|   0|    1|          0|
    |ap_enable_reg_pp0_iter40       |   1|   0|    1|          0|
    |ap_enable_reg_pp0_iter41       |   1|   0|    1|          0|
    |ap_enable_reg_pp0_iter42       |   1|   0|    1|          0|
    |ap_enable_reg_pp0_iter43       |   1|   0|    1|          0|
    |ap_enable_reg_pp0_iter44       |   1|   0|    1|          0|
    |ap_enable_reg_pp0_iter45       |   1|   0|    1|          0|
    |ap_enable_reg_pp0_iter46       |   1|   0|    1|          0|
    |ap_enable_reg_pp0_iter47       |   1|   0|    1|          0|
    |ap_enable_reg_pp0_iter48       |   1|   0|    1|          0|
    |ap_enable_reg_pp0_iter49       |   1|   0|    1|          0|
    |ap_enable_reg_pp0_iter5        |   1|   0|    1|          0|
    |ap_enable_reg_pp0_iter50       |   1|   0|    1|          0|
    |ap_enable_reg_pp0_iter51       |   1|   0|    1|          0|
    |ap_enable_reg_pp0_iter52       |   1|   0|    1|          0|
    |ap_enable_reg_pp0_iter53       |   1|   0|    1|          0|
    |ap_enable_reg_pp0_iter54       |   1|   0|    1|          0|
    |ap_enable_reg_pp0_iter55       |   1|   0|    1|          0|
    |ap_enable_reg_pp0_iter56       |   1|   0|    1|          0|
    |ap_enable_reg_pp0_iter57       |   1|   0|    1|          0|
    |ap_enable_reg_pp0_iter58       |   1|   0|    1|          0|
    |ap_enable_reg_pp0_iter59       |   1|   0|    1|          0|
    |ap_enable_reg_pp0_iter6        |   1|   0|    1|          0|
    |ap_enable_reg_pp0_iter60       |   1|   0|    1|          0|
    |ap_enable_reg_pp0_iter61       |   1|   0|    1|          0|
    |ap_enable_reg_pp0_iter62       |   1|   0|    1|          0|
    |ap_enable_reg_pp0_iter63       |   1|   0|    1|          0|
    |ap_enable_reg_pp0_iter64       |   1|   0|    1|          0|
    |ap_enable_reg_pp0_iter65       |   1|   0|    1|          0|
    |ap_enable_reg_pp0_iter66       |   1|   0|    1|          0|
    |ap_enable_reg_pp0_iter67       |   1|   0|    1|          0|
    |ap_enable_reg_pp0_iter68       |   1|   0|    1|          0|
    |ap_enable_reg_pp0_iter69       |   1|   0|    1|          0|
    |ap_enable_reg_pp0_iter7        |   1|   0|    1|          0|
    |ap_enable_reg_pp0_iter70       |   1|   0|    1|          0|
    |ap_enable_reg_pp0_iter71       |   1|   0|    1|          0|
    |ap_enable_reg_pp0_iter72       |   1|   0|    1|          0|
    |ap_enable_reg_pp0_iter73       |   1|   0|    1|          0|
    |ap_enable_reg_pp0_iter74       |   1|   0|    1|          0|
    |ap_enable_reg_pp0_iter75       |   1|   0|    1|          0|
    |ap_enable_reg_pp0_iter76       |   1|   0|    1|          0|
    |ap_enable_reg_pp0_iter77       |   1|   0|    1|          0|
    |ap_enable_reg_pp0_iter78       |   1|   0|    1|          0|
    |ap_enable_reg_pp0_iter79       |   1|   0|    1|          0|
    |ap_enable_reg_pp0_iter8        |   1|   0|    1|          0|
    |ap_enable_reg_pp0_iter80       |   1|   0|    1|          0|
    |ap_enable_reg_pp0_iter81       |   1|   0|    1|          0|
    |ap_enable_reg_pp0_iter82       |   1|   0|    1|          0|
    |ap_enable_reg_pp0_iter83       |   1|   0|    1|          0|
    |ap_enable_reg_pp0_iter84       |   1|   0|    1|          0|
    |ap_enable_reg_pp0_iter85       |   1|   0|    1|          0|
    |ap_enable_reg_pp0_iter86       |   1|   0|    1|          0|
    |ap_enable_reg_pp0_iter87       |   1|   0|    1|          0|
    |ap_enable_reg_pp0_iter88       |   1|   0|    1|          0|
    |ap_enable_reg_pp0_iter89       |   1|   0|    1|          0|
    |ap_enable_reg_pp0_iter9        |   1|   0|    1|          0|
    |ap_enable_reg_pp0_iter90       |   1|   0|    1|          0|
    |ap_enable_reg_pp0_iter91       |   1|   0|    1|          0|
    |ap_enable_reg_pp0_iter92       |   1|   0|    1|          0|
    |ap_enable_reg_pp0_iter93       |   1|   0|    1|          0|
    |ap_enable_reg_pp0_iter94       |   1|   0|    1|          0|
    |ap_enable_reg_pp0_iter95       |   1|   0|    1|          0|
    |ap_enable_reg_pp0_iter96       |   1|   0|    1|          0|
    |ap_enable_reg_pp0_iter97       |   1|   0|    1|          0|
    |ap_enable_reg_pp0_iter98       |   1|   0|    1|          0|
    |ap_enable_reg_pp0_iter99       |   1|   0|    1|          0|
    |icmp_ln44_10_reg_1994          |   1|   0|    1|          0|
    |icmp_ln44_11_reg_1999          |   1|   0|    1|          0|
    |icmp_ln44_12_reg_2060          |   1|   0|    1|          0|
    |icmp_ln44_13_reg_2065          |   1|   0|    1|          0|
    |icmp_ln44_14_reg_2126          |   1|   0|    1|          0|
    |icmp_ln44_15_reg_2131          |   1|   0|    1|          0|
    |icmp_ln44_16_reg_2192          |   1|   0|    1|          0|
    |icmp_ln44_17_reg_2197          |   1|   0|    1|          0|
    |icmp_ln44_18_reg_2258          |   1|   0|    1|          0|
    |icmp_ln44_19_reg_2263          |   1|   0|    1|          0|
    |icmp_ln44_1_reg_1674           |   1|   0|    1|          0|
    |icmp_ln44_20_reg_2324          |   1|   0|    1|          0|
    |icmp_ln44_21_reg_2329          |   1|   0|    1|          0|
    |icmp_ln44_22_reg_2390          |   1|   0|    1|          0|
    |icmp_ln44_23_reg_2395          |   1|   0|    1|          0|
    |icmp_ln44_24_reg_2456          |   1|   0|    1|          0|
    |icmp_ln44_25_reg_2461          |   1|   0|    1|          0|
    |icmp_ln44_26_reg_2522          |   1|   0|    1|          0|
    |icmp_ln44_27_reg_2527          |   1|   0|    1|          0|
    |icmp_ln44_28_reg_2588          |   1|   0|    1|          0|
    |icmp_ln44_29_reg_2593          |   1|   0|    1|          0|
    |icmp_ln44_2_reg_1730           |   1|   0|    1|          0|
    |icmp_ln44_30_reg_2652          |   1|   0|    1|          0|
    |icmp_ln44_31_reg_2657          |   1|   0|    1|          0|
    |icmp_ln44_3_reg_1735           |   1|   0|    1|          0|
    |icmp_ln44_4_reg_1796           |   1|   0|    1|          0|
    |icmp_ln44_5_reg_1801           |   1|   0|    1|          0|
    |icmp_ln44_6_reg_1862           |   1|   0|    1|          0|
    |icmp_ln44_7_reg_1867           |   1|   0|    1|          0|
    |icmp_ln44_8_reg_1928           |   1|   0|    1|          0|
    |icmp_ln44_9_reg_1933           |   1|   0|    1|          0|
    |icmp_ln44_reg_1669             |   1|   0|    1|          0|
    |tmp_10_15_reg_2417             |  32|   0|   32|          0|
    |tmp_10_reg_1740                |   1|   0|    1|          0|
    |tmp_11_16_reg_2483             |  32|   0|   32|          0|
    |tmp_12_17_reg_2549             |  32|   0|   32|          0|
    |tmp_12_reg_1806                |   1|   0|    1|          0|
    |tmp_13_18_reg_2615             |  32|   0|   32|          0|
    |tmp_14_reg_1872                |   1|   0|    1|          0|
    |tmp_16_reg_1938                |   1|   0|    1|          0|
    |tmp_18_reg_2004                |   1|   0|    1|          0|
    |tmp_1_10_reg_2432              |  32|   0|   32|          0|
    |tmp_1_11_reg_2498              |  32|   0|   32|          0|
    |tmp_1_12_reg_2564              |  32|   0|   32|          0|
    |tmp_1_13_reg_2630              |  32|   0|   32|          0|
    |tmp_1_1_reg_1772               |  32|   0|   32|          0|
    |tmp_1_2_reg_1838               |  32|   0|   32|          0|
    |tmp_1_3_reg_1904               |  32|   0|   32|          0|
    |tmp_1_4_6_reg_1970             |  32|   0|   32|          0|
    |tmp_1_4_reg_1757               |  32|   0|   32|          0|
    |tmp_1_5_reg_2036               |  32|   0|   32|          0|
    |tmp_1_6_reg_2102               |  32|   0|   32|          0|
    |tmp_1_7_reg_2168               |  32|   0|   32|          0|
    |tmp_1_8_reg_2234               |  32|   0|   32|          0|
    |tmp_1_9_reg_2300               |  32|   0|   32|          0|
    |tmp_1_s_reg_2366               |  32|   0|   32|          0|
    |tmp_20_reg_2070                |   1|   0|    1|          0|
    |tmp_22_reg_2136                |   1|   0|    1|          0|
    |tmp_24_reg_2202                |   1|   0|    1|          0|
    |tmp_26_reg_2268                |   1|   0|    1|          0|
    |tmp_28_reg_2334                |   1|   0|    1|          0|
    |tmp_2_10_reg_2422              |  32|   0|   32|          0|
    |tmp_2_11_reg_2488              |  32|   0|   32|          0|
    |tmp_2_12_reg_2554              |  32|   0|   32|          0|
    |tmp_2_13_reg_2620              |  32|   0|   32|          0|
    |tmp_2_14_reg_2678              |  32|   0|   32|          0|
    |tmp_2_1_reg_1762               |  32|   0|   32|          0|
    |tmp_2_2_reg_1828               |  32|   0|   32|          0|
    |tmp_2_3_reg_1894               |  32|   0|   32|          0|
    |tmp_2_4_reg_1960               |  32|   0|   32|          0|
    |tmp_2_5_7_reg_2026             |  32|   0|   32|          0|
    |tmp_2_5_reg_1823               |  32|   0|   32|          0|
    |tmp_2_6_reg_2092               |  32|   0|   32|          0|
    |tmp_2_7_reg_2158               |  32|   0|   32|          0|
    |tmp_2_8_reg_2224               |  32|   0|   32|          0|
    |tmp_2_9_reg_2290               |  32|   0|   32|          0|
    |tmp_2_reg_1701                 |  32|   0|   32|          0|
    |tmp_2_s_reg_2356               |  32|   0|   32|          0|
    |tmp_30_reg_2400                |   1|   0|    1|          0|
    |tmp_32_reg_2466                |   1|   0|    1|          0|
    |tmp_34_reg_2532                |   1|   0|    1|          0|
    |tmp_36_reg_2598                |   1|   0|    1|          0|
    |tmp_38_reg_2662                |   1|   0|    1|          0|
    |tmp_3_19_reg_2698              |  64|   0|   64|          0|
    |tmp_3_reg_1889                 |  32|   0|   32|          0|
    |tmp_4_20_reg_2703              |  64|   0|   64|          0|
    |tmp_4_reg_1955                 |  32|   0|   32|          0|
    |tmp_5_reg_2021                 |  32|   0|   32|          0|
    |tmp_6_8_reg_2087               |  32|   0|   32|          0|
    |tmp_7_10_reg_2412              |  32|   0|   32|          0|
    |tmp_7_11_reg_2478              |  32|   0|   32|          0|
    |tmp_7_12_reg_2544              |  32|   0|   32|          0|
    |tmp_7_13_reg_2610              |  32|   0|   32|          0|
    |tmp_7_14_reg_2673              |  32|   0|   32|          0|
    |tmp_7_1_reg_1752               |  32|   0|   32|          0|
    |tmp_7_2_reg_1818               |  32|   0|   32|          0|
    |tmp_7_3_reg_1884               |  32|   0|   32|          0|
    |tmp_7_4_reg_1950               |  32|   0|   32|          0|
    |tmp_7_5_reg_2016               |  32|   0|   32|          0|
    |tmp_7_6_reg_2082               |  32|   0|   32|          0|
    |tmp_7_7_reg_2148               |  32|   0|   32|          0|
    |tmp_7_8_reg_2214               |  32|   0|   32|          0|
    |tmp_7_9_11_reg_2280            |  32|   0|   32|          0|
    |tmp_7_9_reg_2153               |  32|   0|   32|          0|
    |tmp_7_reg_1691                 |  32|   0|   32|          0|
    |tmp_7_s_reg_2346               |  32|   0|   32|          0|
    |tmp_8_10_14_reg_2427           |  32|   0|   32|          0|
    |tmp_8_10_reg_2219              |  32|   0|   32|          0|
    |tmp_8_11_reg_2493              |  32|   0|   32|          0|
    |tmp_8_12_reg_2559              |  32|   0|   32|          0|
    |tmp_8_13_reg_2625              |  32|   0|   32|          0|
    |tmp_8_14_reg_2683              |  32|   0|   32|          0|
    |tmp_8_1_reg_1767               |  32|   0|   32|          0|
    |tmp_8_2_reg_1833               |  32|   0|   32|          0|
    |tmp_8_3_reg_1899               |  32|   0|   32|          0|
    |tmp_8_4_reg_1965               |  32|   0|   32|          0|
    |tmp_8_5_reg_2031               |  32|   0|   32|          0|
    |tmp_8_6_reg_2097               |  32|   0|   32|          0|
    |tmp_8_7_reg_2163               |  32|   0|   32|          0|
    |tmp_8_8_reg_2229               |  32|   0|   32|          0|
    |tmp_8_9_reg_2295               |  32|   0|   32|          0|
    |tmp_8_reg_1679                 |   1|   0|    1|          0|
    |tmp_8_s_reg_2361               |  32|   0|   32|          0|
    |tmp_9_12_reg_2285              |  32|   0|   32|          0|
    |tmp_s_13_reg_2351              |  32|   0|   32|          0|
    |tmp_s_reg_1696                 |  32|   0|   32|          0|
    |x_copy_1_10_reg_2442           |  32|   0|   32|          0|
    |x_copy_1_11_reg_2508           |  32|   0|   32|          0|
    |x_copy_1_12_reg_2574           |  32|   0|   32|          0|
    |x_copy_1_13_reg_2640           |  32|   0|   32|          0|
    |x_copy_1_14_reg_2693           |  32|   0|   32|          0|
    |x_copy_1_1_reg_1782            |  32|   0|   32|          0|
    |x_copy_1_2_reg_1848            |  32|   0|   32|          0|
    |x_copy_1_3_reg_1914            |  32|   0|   32|          0|
    |x_copy_1_4_reg_1980            |  32|   0|   32|          0|
    |x_copy_1_5_reg_2046            |  32|   0|   32|          0|
    |x_copy_1_6_reg_2112            |  32|   0|   32|          0|
    |x_copy_1_7_reg_2178            |  32|   0|   32|          0|
    |x_copy_1_8_reg_2244            |  32|   0|   32|          0|
    |x_copy_1_9_reg_2310            |  32|   0|   32|          0|
    |x_copy_1_reg_1711              |  32|   0|   32|          0|
    |x_copy_1_s_reg_2376            |  32|   0|   32|          0|
    |x_copy_2_reg_1655              |  32|   0|   32|          0|
    |x_read_reg_1643                |  32|   0|   32|          0|
    |x_read_reg_1643_pp0_iter1_reg  |  32|   0|   32|          0|
    |y_copy_1_10_reg_2448           |  32|   0|   32|          0|
    |y_copy_1_11_reg_2514           |  32|   0|   32|          0|
    |y_copy_1_12_reg_2580           |  32|   0|   32|          0|
    |y_copy_1_13_reg_2645           |  32|   0|   32|          0|
    |y_copy_1_1_reg_1788            |  32|   0|   32|          0|
    |y_copy_1_2_reg_1854            |  32|   0|   32|          0|
    |y_copy_1_3_reg_1920            |  32|   0|   32|          0|
    |y_copy_1_4_reg_1986            |  32|   0|   32|          0|
    |y_copy_1_5_reg_2052            |  32|   0|   32|          0|
    |y_copy_1_6_reg_2118            |  32|   0|   32|          0|
    |y_copy_1_7_reg_2184            |  32|   0|   32|          0|
    |y_copy_1_8_reg_2250            |  32|   0|   32|          0|
    |y_copy_1_9_reg_2316            |  32|   0|   32|          0|
    |y_copy_1_reg_1717              |  32|   0|   32|          0|
    |y_copy_1_s_reg_2382            |  32|   0|   32|          0|
    |y_copy_2_reg_1661              |  32|   0|   32|          0|
    |y_read_reg_1636                |  32|   0|   32|          0|
    |and_ln26_reg_1649              |  64|  32|    1|          0|
    |angle_10_reg_2437              |  64|  32|   32|          0|
    |angle_11_reg_2503              |  64|  32|   32|          0|
    |angle_12_reg_2569              |  64|  32|   32|          0|
    |angle_13_reg_2635              |  64|  32|   32|          0|
    |angle_14_reg_2688              |  64|  32|   32|          0|
    |angle_1_reg_2371               |  64|  32|   32|          0|
    |angle_2_reg_1843               |  64|  32|   32|          0|
    |angle_3_reg_1909               |  64|  32|   32|          0|
    |angle_4_reg_1975               |  64|  32|   32|          0|
    |angle_5_reg_2041               |  64|  32|   32|          0|
    |angle_6_reg_2107               |  64|  32|   32|          0|
    |angle_7_reg_2173               |  64|  32|   32|          0|
    |angle_8_reg_2239               |  64|  32|   32|          0|
    |angle_9_reg_2305               |  64|  32|   32|          0|
    |angle_reg_1725                 |  64|  32|   32|          0|
    |angle_s_reg_1777               |  64|  32|   32|          0|
    |x_copy_1_10_reg_2442           |  64|  32|   32|          0|
    |x_copy_1_11_reg_2508           |  64|  32|   32|          0|
    |x_copy_1_12_reg_2574           |  64|  32|   32|          0|
    |x_copy_1_13_reg_2640           |  64|  32|   32|          0|
    |x_copy_1_1_reg_1782            |  64|  32|   32|          0|
    |x_copy_1_2_reg_1848            |  64|  32|   32|          0|
    |x_copy_1_3_reg_1914            |  64|  32|   32|          0|
    |x_copy_1_4_reg_1980            |  64|  32|   32|          0|
    |x_copy_1_5_reg_2046            |  64|  32|   32|          0|
    |x_copy_1_6_reg_2112            |  64|  32|   32|          0|
    |x_copy_1_7_reg_2178            |  64|  32|   32|          0|
    |x_copy_1_8_reg_2244            |  64|  32|   32|          0|
    |x_copy_1_9_reg_2310            |  64|  32|   32|          0|
    |x_copy_1_reg_1711              |  64|  32|   32|          0|
    |x_copy_1_s_reg_2376            |  64|  32|   32|          0|
    |x_copy_2_reg_1655              |  64|  32|   32|          0|
    |y_copy_1_10_reg_2448           |  64|  32|   32|          0|
    |y_copy_1_11_reg_2514           |  64|  32|   32|          0|
    |y_copy_1_12_reg_2580           |  64|  32|   32|          0|
    |y_copy_1_13_reg_2645           |  64|  32|   32|          0|
    |y_copy_1_1_reg_1788            |  64|  32|   32|          0|
    |y_copy_1_2_reg_1854            |  64|  32|   32|          0|
    |y_copy_1_3_reg_1920            |  64|  32|   32|          0|
    |y_copy_1_4_reg_1986            |  64|  32|   32|          0|
    |y_copy_1_5_reg_2052            |  64|  32|   32|          0|
    |y_copy_1_6_reg_2118            |  64|  32|   32|          0|
    |y_copy_1_7_reg_2184            |  64|  32|   32|          0|
    |y_copy_1_8_reg_2250            |  64|  32|   32|          0|
    |y_copy_1_9_reg_2316            |  64|  32|   32|          0|
    |y_copy_1_reg_1717              |  64|  32|   32|          0|
    |y_copy_1_s_reg_2382            |  64|  32|   32|          0|
    |y_copy_2_reg_1661              |  64|  32|   32|          0|
    +-------------------------------+----+----+-----+-----------+
    |Total                          |7657|1568| 6058|          0|
    +-------------------------------+----+----+-----+-----------+



================================================================
== Interface
================================================================
* Summary: 
+--------------+-----+-----+------------+----------------+--------------+
|   RTL Ports  | Dir | Bits|  Protocol  |  Source Object |    C Type    |
+--------------+-----+-----+------------+----------------+--------------+
|ap_clk        |  in |    1| ap_ctrl_hs | cordiccart2pol | return value |
|ap_rst        |  in |    1| ap_ctrl_hs | cordiccart2pol | return value |
|ap_start      |  in |    1| ap_ctrl_hs | cordiccart2pol | return value |
|ap_done       | out |    1| ap_ctrl_hs | cordiccart2pol | return value |
|ap_idle       | out |    1| ap_ctrl_hs | cordiccart2pol | return value |
|ap_ready      | out |    1| ap_ctrl_hs | cordiccart2pol | return value |
|x             |  in |   32|   ap_none  |        x       |    scalar    |
|y             |  in |   32|   ap_none  |        y       |    scalar    |
|r             | out |   32|   ap_vld   |        r       |    pointer   |
|r_ap_vld      | out |    1|   ap_vld   |        r       |    pointer   |
|theta         | out |   32|   ap_vld   |      theta     |    pointer   |
|theta_ap_vld  | out |    1|   ap_vld   |      theta     |    pointer   |
+--------------+-----+-----+------------+----------------+--------------+

